// Jest Snapshot v1, https://goo.gl/fbAQLP

exports[`# LinkTab LinkTab Wrapper 1`] = `
<li
  className="is-active"
>
  <a
    aria-current={null}
    className={undefined}
    href="/http://locahost:8080/test"
    identifier="test"
    onClick={[Function]}
    style={undefined}
  >
    test
  </a>
</li>
`;
