// Jest Snapshot v1, https://goo.gl/fbAQLP

exports[`# LeagueStandings LeagueStandings wrapper 1`] = `
<div>
  <table
    className="table is-fullwidth is-striped is-narrow is-hoverable"
  >
    <thead>
      <tr>
        <th>
          Rank
        </th>
        <th>
          Team
        </th>
        <th>
          Player
        </th>
        <th>
          GW
        </th>
        <th>
          Total
        </th>
      </tr>
    </thead>
    <tfoot>
      <tr />
    </tfoot>
    <tbody>
      <tr>
        <th>
          1
        </th>
        <td>
          test
        </td>
        <td>
          test_1
        </td>
        <td>
          50
        </td>
        <td>
          100
        </td>
      </tr>
      <tr>
        <th>
          2
        </th>
        <td>
          test
        </td>
        <td>
          test_2
        </td>
        <td>
          80
        </td>
        <td>
          200
        </td>
      </tr>
    </tbody>
  </table>
</div>
`;
